// Jest Snapshot v1, https://goo.gl/fbAQLP

exports[`should render LaTexEditor 1`] = `
<div>
  Input LaTeX: 
  <t
    className="mathquill-field"
    latex=""
    mathquillDidMount={[Function]}
    onChange={[Function]}
    style={
      Object {
        "width": "125px",
      }
    }
  />
  <br />
  <br />
  <Button
    as="button"
    buttonRef={[Function]}
    cursor="pointer"
    fluidWidth={false}
    margin="0"
    onClick={[Function]}
    size="medium"
    type="button"
    variant="default"
  >
    Add
  </Button>
</div>
`;
