// Jest Snapshot v1, https://goo.gl/fbAQLP

exports[`should render LaTexPreviewer 1`] = `
<div>
  <Shortcut
    handleAppendTex={[Function]}
  />
  <br />
  <TextArea
    autoGrow={true}
    disabled={false}
    inline={false}
    label="Input LaTeX"
    layout="stacked"
    messages={Array []}
    onChange={[Function]}
    placeholder="E = mc^2"
    readOnly={false}
    required={false}
    resize="none"
    size="medium"
    textareaRef={[Function]}
    value=""
  />
  <div
    id="present-tex"
  >
    <p>
      Preview:
    </p>
    <img
      src="https://latex.codecogs.com/svg.latex?\\\\LARGE "
    />
  </div>
  <br />
  <Button
    as="button"
    buttonRef={[Function]}
    cursor="pointer"
    fluidWidth={false}
    margin="0"
    onClick={[Function]}
    size="medium"
    type="button"
    variant="default"
  >
    Add
  </Button>
</div>
`;
